test_ov11_37e4_interval_from_cache (test_natural_interval.NaturalSeparateObjectControlTests) ... Timeout (0:00:30)!
Thread 0x00009858 (most recent call first):
  File "C:\msys64\mingw64\lib\python3.10\ntpath.py", line 701 in realpath
  File "C:\msys64\mingw64\lib\python3.10\pathlib.py", line 1079 in resolve
  File "D:\Prog\tales_recon\tools\repo_paths.py", line 37 in canonical_path
  File "D:\Prog\tales_recon\tools\evidence_snapshot.py", line 46 in read
  File "D:\Prog\tales_recon\tools\evidence_snapshot.py", line 86 in inputs
  File "D:\Prog\tales_recon\tools\evidence_snapshot.py", line 101 in load
  File "D:\Prog\tales_recon\tools\evidence_snapshot.py", line 152 in game_read
  File "D:\Prog\tales_recon\tools\analysis_support.py", line 20 in game
  File "D:\Prog\tales_recon\tools\check_function.py", line 18 in validated_function
  File "D:\Prog\tales_recon\tools\check_unit.py", line 242 in add_recovered
  File "D:\Prog\tales_recon\tools\check_unit.py", line 254 in prepare_unit
  File "D:\Prog\tales_recon\tools\evidence_snapshot.py", line 144 in wrapped
  File "D:\Prog\tales_recon\tools\check_unit.py", line 995 in check
  File "D:\Prog\tales_recon\tools\evidence_snapshot.py", line 144 in wrapped
  File "D:\Prog\tales_recon\tests\test_natural_interval.py", line 345 in test_ov11_37e4_interval_from_cache
  File "C:\msys64\mingw64\lib\python3.10\unittest\case.py", line 549 in _callTestMethod
  File "C:\msys64\mingw64\lib\python3.10\unittest\case.py", line 591 in run
  File "C:\msys64\mingw64\lib\python3.10\unittest\case.py", line 650 in __call__
  File "C:\msys64\mingw64\lib\python3.10\unittest\suite.py", line 122 in run
  File "C:\msys64\mingw64\lib\python3.10\unittest\suite.py", line 84 in __call__
  File "C:\msys64\mingw64\lib\python3.10\unittest\suite.py", line 122 in run
  File "C:\msys64\mingw64\lib\python3.10\unittest\suite.py", line 84 in __call__
  File "C:\msys64\mingw64\lib\python3.10\unittest\runner.py", line 184 in run
  File "C:\msys64\mingw64\lib\python3.10\unittest\main.py", line 271 in runTests
  File "C:\msys64\mingw64\lib\python3.10\unittest\main.py", line 101 in __init__
  File "D:\Prog\tales_recon\build\workers\resident-exit-admission\diagnose.py", line 9 in <module>
Timeout (0:00:30)!
Thread 0x00009858 (most recent call first):
  File "C:\msys64\mingw64\lib\python3.10\ntpath.py", line 610 in _readlink_deep
  File "C:\msys64\mingw64\lib\python3.10\ntpath.py", line 664 in _getfinalpathname_nonstrict
  File "C:\msys64\mingw64\lib\python3.10\ntpath.py", line 707 in realpath
  File "C:\msys64\mingw64\lib\python3.10\pathlib.py", line 1079 in resolve
  File "D:\Prog\tales_recon\tools\repo_paths.py", line 18 in is_active_repo_path
  File "D:\Prog\tales_recon\tools\repo_paths.py", line 38 in canonical_path
  File "D:\Prog\tales_recon\tools\resident_mixed.py", line 27 in read
  File "D:\Prog\tales_recon\tools\resident_mixed.py", line 442 in source_object_inputs
  File "D:\Prog\tales_recon\tools\evidence_snapshot.py", line 71 in inputs
  File "D:\Prog\tales_recon\tools\evidence_snapshot.py", line 101 in load
  File "D:\Prog\tales_recon\tools\evidence_snapshot.py", line 152 in game_read
  File "D:\Prog\tales_recon\tools\analysis_support.py", line 20 in game
  File "D:\Prog\tales_recon\tools\check_function.py", line 18 in validated_function
  File "D:\Prog\tales_recon\tools\check_unit.py", line 242 in add_recovered
  File "D:\Prog\tales_recon\tools\check_unit.py", line 251 in add_recovered
  File "D:\Prog\tales_recon\tools\check_unit.py", line 251 in add_recovered
  File "D:\Prog\tales_recon\tools\check_unit.py", line 273 in prepare_unit
  File "D:\Prog\tales_recon\tools\evidence_snapshot.py", line 144 in wrapped
  File "D:\Prog\tales_recon\tools\check_unit.py", line 995 in check
  File "D:\Prog\tales_recon\tools\evidence_snapshot.py", line 144 in wrapped
  File "D:\Prog\tales_recon\tests\test_natural_interval.py", line 345 in test_ov11_37e4_interval_from_cache
  File "C:\msys64\mingw64\lib\python3.10\unittest\case.py", line 549 in _callTestMethod
  File "C:\msys64\mingw64\lib\python3.10\unittest\case.py", line 591 in run
  File "C:\msys64\mingw64\lib\python3.10\unittest\case.py", line 650 in __call__
  File "C:\msys64\mingw64\lib\python3.10\unittest\suite.py", line 122 in run
  File "C:\msys64\mingw64\lib\python3.10\unittest\suite.py", line 84 in __call__
  File "C:\msys64\mingw64\lib\python3.10\unittest\suite.py", line 122 in run
  File "C:\msys64\mingw64\lib\python3.10\unittest\suite.py", line 84 in __call__
  File "C:\msys64\mingw64\lib\python3.10\unittest\runner.py", line 184 in run
  File "C:\msys64\mingw64\lib\python3.10\unittest\main.py", line 271 in runTests
  File "C:\msys64\mingw64\lib\python3.10\unittest\main.py", line 101 in __init__
  File "D:\Prog\tales_recon\build\workers\resident-exit-admission\diagnose.py", line 9 in <module>
Timeout (0:00:30)!
Thread 0x00009858 (most recent call first):
  File "C:\msys64\mingw64\lib\python3.10\ntpath.py", line 610 in _readlink_deep
  File "C:\msys64\mingw64\lib\python3.10\ntpath.py", line 664 in _getfinalpathname_nonstrict
  File "C:\msys64\mingw64\lib\python3.10\ntpath.py", line 707 in realpath
  File "C:\msys64\mingw64\lib\python3.10\pathlib.py", line 1079 in resolve
  File "D:\Prog\tales_recon\tools\repo_paths.py", line 18 in is_active_repo_path
  File "D:\Prog\tales_recon\tools\repo_paths.py", line 38 in canonical_path
  File "D:\Prog\tales_recon\tools\library_a4.py", line 19 in checked
  File "D:\Prog\tales_recon\tools\library_a4.py", line 60 in load_library_a4
  File "D:\Prog\tales_recon\tools\resident_mixed.py", line 134 in callees
  File "D:\Prog\tales_recon\tools\resident_mixed.py", line 244 in verify
  File "D:\Prog\tales_recon\tools\resident_mixed.py", line 311 in load_source_objects
  File "D:\Prog\tales_recon\tools\census.py", line 102 in derive
  File "D:\Prog\tales_recon\tools\analysis_support.py", line 24 in _game
  File "D:\Prog\tales_recon\tools\evidence_snapshot.py", line 111 in load
  File "D:\Prog\tales_recon\tools\evidence_snapshot.py", line 152 in game_read
  File "D:\Prog\tales_recon\tools\analysis_support.py", line 20 in game
  File "D:\Prog\tales_recon\tools\check_function.py", line 18 in validated_function
  File "D:\Prog\tales_recon\tools\check_unit.py", line 219 in prepare_unit
  File "D:\Prog\tales_recon\tools\evidence_snapshot.py", line 144 in wrapped
  File "D:\Prog\tales_recon\tools\check_unit.py", line 995 in check
  File "D:\Prog\tales_recon\tools\evidence_snapshot.py", line 144 in wrapped
  File "D:\Prog\tales_recon\tests\test_natural_interval.py", line 349 in test_ov11_37e4_interval_from_cache
  File "C:\msys64\mingw64\lib\python3.10\unittest\case.py", line 549 in _callTestMethod
  File "C:\msys64\mingw64\lib\python3.10\unittest\case.py", line 591 in run
  File "C:\msys64\mingw64\lib\python3.10\unittest\case.py", line 650 in __call__
  File "C:\msys64\mingw64\lib\python3.10\unittest\suite.py", line 122 in run
  File "C:\msys64\mingw64\lib\python3.10\unittest\suite.py", line 84 in __call__
  File "C:\msys64\mingw64\lib\python3.10\unittest\suite.py", line 122 in run
  File "C:\msys64\mingw64\lib\python3.10\unittest\suite.py", line 84 in __call__
  File "C:\msys64\mingw64\lib\python3.10\unittest\runner.py", line 184 in run
  File "C:\msys64\mingw64\lib\python3.10\unittest\main.py", line 271 in runTests
  File "C:\msys64\mingw64\lib\python3.10\unittest\main.py", line 101 in __init__
  File "D:\Prog\tales_recon\build\workers\resident-exit-admission\diagnose.py", line 9 in <module>
Timeout (0:00:30)!
Thread 0x00009858 (most recent call first):
  File "C:\msys64\mingw64\lib\python3.10\ntpath.py", line 610 in _readlink_deep
  File "C:\msys64\mingw64\lib\python3.10\ntpath.py", line 664 in _getfinalpathname_nonstrict
  File "C:\msys64\mingw64\lib\python3.10\ntpath.py", line 707 in realpath
  File "C:\msys64\mingw64\lib\python3.10\pathlib.py", line 1079 in resolve
  File "D:\Prog\tales_recon\tools\evidence_snapshot.py", line 39 in target
  File "D:\Prog\tales_recon\tools\evidence_snapshot.py", line 43 in read
  File "D:\Prog\tales_recon\tools\evidence_snapshot.py", line 55 in document
  File "D:\Prog\tales_recon\tools\evidence_snapshot.py", line 91 in inputs
  File "D:\Prog\tales_recon\tools\evidence_snapshot.py", line 101 in load
  File "D:\Prog\tales_recon\tools\evidence_snapshot.py", line 152 in game_read
  File "D:\Prog\tales_recon\tools\analysis_support.py", line 20 in game
  File "D:\Prog\tales_recon\tools\check_function.py", line 18 in validated_function
  File "D:\Prog\tales_recon\tools\check_unit.py", line 242 in add_recovered
  File "D:\Prog\tales_recon\tools\check_unit.py", line 254 in prepare_unit
  File "D:\Prog\tales_recon\tools\evidence_snapshot.py", line 144 in wrapped
  File "D:\Prog\tales_recon\tools\check_unit.py", line 995 in check
  File "D:\Prog\tales_recon\tools\evidence_snapshot.py", line 144 in wrapped
  File "D:\Prog\tales_recon\tests\test_natural_interval.py", line 349 in test_ov11_37e4_interval_from_cache
  File "C:\msys64\mingw64\lib\python3.10\unittest\case.py", line 549 in _callTestMethod
  File "C:\msys64\mingw64\lib\python3.10\unittest\case.py", line 591 in run
  File "C:\msys64\mingw64\lib\python3.10\unittest\case.py", line 650 in __call__
  File "C:\msys64\mingw64\lib\python3.10\unittest\suite.py", line 122 in run
  File "C:\msys64\mingw64\lib\python3.10\unittest\suite.py", line 84 in __call__
  File "C:\msys64\mingw64\lib\python3.10\unittest\suite.py", line 122 in run
  File "C:\msys64\mingw64\lib\python3.10\unittest\suite.py", line 84 in __call__
  File "C:\msys64\mingw64\lib\python3.10\unittest\runner.py", line 184 in run
  File "C:\msys64\mingw64\lib\python3.10\unittest\main.py", line 271 in runTests
  File "C:\msys64\mingw64\lib\python3.10\unittest\main.py", line 101 in __init__
  File "D:\Prog\tales_recon\build\workers\resident-exit-admission\diagnose.py", line 9 in <module>
Timeout (0:00:30)!
Thread 0x00009858 (most recent call first):
  File "C:\msys64\mingw64\lib\python3.10\ntpath.py", line 610 in _readlink_deep
  File "C:\msys64\mingw64\lib\python3.10\ntpath.py", line 664 in _getfinalpathname_nonstrict
  File "C:\msys64\mingw64\lib\python3.10\ntpath.py", line 707 in realpath
  File "C:\msys64\mingw64\lib\python3.10\pathlib.py", line 1079 in resolve
  File "D:\Prog\tales_recon\tools\repo_paths.py", line 37 in canonical_path
  File "D:\Prog\tales_recon\tools\evidence_snapshot.py", line 46 in read
  File "D:\Prog\tales_recon\tools\evidence_snapshot.py", line 71 in inputs
  File "D:\Prog\tales_recon\tools\evidence_snapshot.py", line 101 in load
  File "D:\Prog\tales_recon\tools\evidence_snapshot.py", line 152 in game_read
  File "D:\Prog\tales_recon\tools\analysis_support.py", line 20 in game
  File "D:\Prog\tales_recon\tools\check_function.py", line 18 in validated_function
  File "D:\Prog\tales_recon\tools\check_unit.py", line 242 in add_recovered
  File "D:\Prog\tales_recon\tools\check_unit.py", line 273 in prepare_unit
  File "D:\Prog\tales_recon\tools\evidence_snapshot.py", line 144 in wrapped
  File "D:\Prog\tales_recon\tools\check_unit.py", line 995 in check
  File "D:\Prog\tales_recon\tools\evidence_snapshot.py", line 144 in wrapped
  File "D:\Prog\tales_recon\tests\test_natural_interval.py", line 349 in test_ov11_37e4_interval_from_cache
  File "C:\msys64\mingw64\lib\python3.10\unittest\case.py", line 549 in _callTestMethod
  File "C:\msys64\mingw64\lib\python3.10\unittest\case.py", line 591 in run
  File "C:\msys64\mingw64\lib\python3.10\unittest\case.py", line 650 in __call__
  File "C:\msys64\mingw64\lib\python3.10\unittest\suite.py", line 122 in run
  File "C:\msys64\mingw64\lib\python3.10\unittest\suite.py", line 84 in __call__
  File "C:\msys64\mingw64\lib\python3.10\unittest\suite.py", line 122 in run
  File "C:\msys64\mingw64\lib\python3.10\unittest\suite.py", line 84 in __call__
  File "C:\msys64\mingw64\lib\python3.10\unittest\runner.py", line 184 in run
  File "C:\msys64\mingw64\lib\python3.10\unittest\main.py", line 271 in runTests
  File "C:\msys64\mingw64\lib\python3.10\unittest\main.py", line 101 in __init__
  File "D:\Prog\tales_recon\build\workers\resident-exit-admission\diagnose.py", line 9 in <module>
skipped 'positive-control compile cache absent'

----------------------------------------------------------------------
Ran 1 test in 163.249s

OK (skipped=1)
