test_bad_archive_pin_is_rejected (test_candidate.CandidateTests) ... ok
test_bad_disk_is_quarantined_without_partial_extraction (test_candidate.CandidateTests) ... ok
test_bad_member_pin_is_rejected (test_candidate.CandidateTests) ... ok
test_mz_does_not_imply_windows_native (test_candidate.HostFormatTests) ... ok
test_repeated_names_swapped_names_and_shifted_sites (test_consolidation.AJControls) ... ok
test_unsupported_truncated_corrupt_and_wrong_natural_binding (test_consolidation.AJControls) ... ok
test_campaign_inventory_follows_ownership_without_granting_zero_debt_closure (test_consolidation.AccountingTests) ... ok
test_complete_real_file_is_accounted_without_source_increase (test_consolidation.AccountingTests) ... ok
test_negative_overlap_extent_bytes_and_relocations (test_consolidation.AccountingTests) ... ok
test_conflicting_quarantine_cannot_enter_source_type_or_declaration_views (test_consolidation.QuarantineTests) ... ok
test_fresh_context_and_ranking_ignore_quarantine (test_consolidation.QuarantineTests) ... ok
test_snapshot_and_canonical_validation_reject_quarantined_proof_paths (test_consolidation.QuarantineTests) ... ok
test_single_step_observation_never_closes_target_set (test_consolidation.RuntimeObservationTests) ... ok
test_cycle_gaps_remain_latent_and_exactly_decoded (test_cycle_gap_audit.CycleGapAuditTests) ... ok
test_frontier_counts_proven_literal_tail_without_promoting_coverage (test_cycle_layout_gap_audit.CycleLayoutGapAuditTests) ... ok
test_conflict_clusters (test_declaration_views.DeclarationViewTests) ... ok
test_extern_block_is_paste_ready (test_declaration_views.DeclarationViewTests) ... ok
test_majority_view_alternatives_structs_and_widths (test_declaration_views.DeclarationViewTests) ... ok
test_parser_handles_multi_declarator_lines_arrays_and_functions (test_declaration_views.DeclarationViewTests) ... ok
test_struct_size_estimate (test_declaration_views.DeclarationViewTests) ... ok
test_clip_section_prefers_line_ends (test_declaration_views.PacketDeclarationTests) ... ok
test_section_points_to_sidecar_and_inlines_block_within_target (test_declaration_views.PacketDeclarationTests) ... ok
test_unavailable_views_never_block_a_packet (test_declaration_views.PacketDeclarationTests) ... ok
test_cached_code_data_controls_have_zero_differences (test_diag.CodeDataBoundaryTests) ... ok
test_cached_ov04_0536_candidate_is_measurable (test_diag.CodeDataBoundaryTests) ... ok
test_candidate_boundary_that_is_not_independently_established_stays_unsupported (test_diag.CodeDataBoundaryTests) ... ok
test_jump_table_entries_are_targets_that_must_map_to_paired_blocks (test_diag.CodeDataBoundaryTests) ... ok
test_listing_declares_pool_tables_and_refuses_unclassified_code_data (test_diag.CodeDataBoundaryTests) ... ok
test_literal_pool_boundaries_come_from_each_side_independently (test_diag.CodeDataBoundaryTests) ... ok
test_original_and_candidate_jump_tables_are_paired_end_to_end (test_diag.CodeDataBoundaryTests) ... ok
test_cached_exact_control_has_no_unpaired_code (test_diag.DiagnosticComparisonTests) ... ok
test_cached_ov09_near_match_reports_full_shifted_extents (test_diag.DiagnosticComparisonTests) ... ok
test_dbcc_branch_and_conditional_polarity_are_kept_in_cfg (test_diag.DiagnosticComparisonTests) ... ok
test_identical_and_shifted_streams_remain_diagnostic_only (test_diag.DiagnosticComparisonTests) ... ok
test_pc_relative_call_is_not_a_cfg_edge (test_diag.DiagnosticComparisonTests) ... ok
test_unmapped_data_span_fails_closed (test_diag.DiagnosticComparisonTests) ... ok
test_a4_call_stub_resolves_through_candidate_relocation (test_diag.ReferenceIdentityTests) ... ok
test_absolute_short_address_is_not_a_link_reference (test_diag.ReferenceIdentityTests) ... ok
test_bytes_only_comparison_keeps_references_unresolved (test_diag.ReferenceIdentityTests) ... ok
test_cached_exact_control_references_resolve (test_diag.ReferenceIdentityTests) ... ok
test_different_bound_symbol_is_a_binding_hypothesis (test_diag.ReferenceIdentityTests) ... ok
test_frame_displacement_is_source_shape_only (test_diag.ReferenceIdentityTests) ... ok
test_identical_encoding_with_same_identity_is_same_identity (test_diag.ReferenceIdentityTests) ... ok
test_register_change_survives_resolved_reference (test_diag.ReferenceIdentityTests) ... ok
test_same_symbol_different_displacement_is_layout_only_not_a_hypothesis (test_diag.ReferenceIdentityTests) ... ok
test_unbound_names_and_unledgered_originals_stay_unresolved (test_diag.ReferenceIdentityTests) ... ok
test_first_divergence_mapping_and_conflict_are_located (test_diag.RegisterTraceTests) ... ok
test_identical_streams_have_no_register_divergence (test_diag.RegisterTraceTests) ... ok
test_structurally_different_pairs_do_not_contribute_mappings (test_diag.RegisterTraceTests) ... ok
test_cached_prepared_unit_equal_keys_align_fully (test_diag.UnitMemberBoundTests) ... ok
test_entry_member_is_bounded_by_its_own_symbols_and_objects (test_diag.UnitMemberBoundTests) ... ok
test_member_that_cannot_be_bounded_independently_is_refused (test_diag.UnitMemberBoundTests) ... ok
test_prepared_unit_member_is_diagnosed_not_the_whole_unit (test_diag.UnitMemberBoundTests) ... ok
test_unbounded_member_keeps_the_standalone_refusal (test_diag.UnitMemberBoundTests) ... ok
test_a5_frame_displacement_is_reported_as_a_frame_reference (test_diag_contract.DiagnosticContractTests) ... ok
test_bne_byte_and_word_encodings_have_direct_branch_blocks (test_diag_contract.DiagnosticContractTests) ... ok
test_branch_target_and_polarity_changes_are_visible (test_diag_contract.DiagnosticContractTests) ... ok
test_btst_is_not_a_branch (test_diag_contract.DiagnosticContractTests) ... ok
test_dbra_is_a_conditional_branch_with_a_target (test_diag_contract.DiagnosticContractTests) ... ok
test_external_bsr_target_is_not_an_intraprocedural_edge (test_diag_contract.DiagnosticContractTests) ... ok
test_register_role_swap_is_visible_even_when_register_sets_match (test_diag_contract.DiagnosticContractTests) ... ok
test_truncated_instruction_stream_fails_closed (test_diag_contract.DiagnosticContractTests) ... ok
test_nonzero_overlay_alignment_is_rejected (test_dos_secondary.DosSecondaryTests) ... ok
test_reverse_exepack_fill_and_copy (test_dos_secondary.DosSecondaryTests) ... ok
test_supplied_exe_is_complete_and_independently_recorded (test_dos_secondary.DosSecondaryTests) ... ok
test_allocation_too_small_fails (test_evidence.EvidenceTests) ... ok
test_bitmap_and_disk2_boot_observations (test_evidence.EvidenceTests) ... ok
test_chain_cycle_with_valid_checksums_fails (test_evidence.EvidenceTests) ... ok
test_comparison_separates_bytes_and_relocations (test_evidence.EvidenceTests) ... ok
test_complete_measured_topology (test_evidence.EvidenceTests) ... ok
test_complete_partition_and_determinism (test_evidence.EvidenceTests) ... ok
test_crosscheck_detects_pointer_disagreement (test_evidence.EvidenceTests) ... ok
test_disk_corruption_fails (test_evidence.EvidenceTests) ... ok
test_dos_comparison_media_do_not_change_amiga_fixture_lock (test_evidence.EvidenceTests) ... ok
test_lock_detects_changed_and_added_fixtures_without_rewriting (test_evidence.EvidenceTests) ... ok
test_missing_final_overlay_break_fails (test_evidence.EvidenceTests) ... ok
test_overlay_descriptors_and_trampolines (test_evidence.EvidenceTests) ... ok
test_relocation_site_outside_hunk_fails (test_evidence.EvidenceTests) ... ok
test_relocation_target_outside_topology_fails (test_evidence.EvidenceTests) ... ok
test_truncation_in_every_record_fails (test_evidence.EvidenceTests) ... ok
test_unknown_record_and_trailing_bytes_fail (test_evidence.EvidenceTests) ... ok
test_wrong_bridge_relocation_fails (test_evidence.EvidenceTests) ... ok
test_wrong_overlay_pointer_fails (test_evidence.EvidenceTests) ... ok
test_wrong_trampoline_node_fails (test_evidence.EvidenceTests) ... ok
test_cached_advisory_image_does_not_bypass_strict_proof_loader (test_evidence_snapshot.RealSnapshotTests) ... ok
test_cached_strict_read_rejects_changed_real_fixture_or_proof (test_evidence_snapshot.RealSnapshotTests) ... ok
test_analysis_and_optional_runtime_evidence_are_bound (test_evidence_snapshot.SnapshotTests) ... ok
test_canonical_paths_cannot_escape_root (test_evidence_snapshot.SnapshotTests) ... ok
test_canonical_paths_units_parts_and_deletions_invalidate (test_evidence_snapshot.SnapshotTests) ... ok
test_change_during_creation_and_loader_failure_never_cache (test_evidence_snapshot.SnapshotTests) ... ok
test_content_edit_with_preserved_file_metadata_invalidates (test_evidence_snapshot.SnapshotTests) ... ok
test_exception_discards_scope_and_other_threads_do_not_inherit_it (test_evidence_snapshot.SnapshotTests) ... ok
test_mixed_canonical_map_and_its_source_invalidate (test_evidence_snapshot.SnapshotTests) ... ok
test_nested_decorators_share_scope_and_disabled_mode_is_respected (test_evidence_snapshot.SnapshotTests) ... ok
test_new_canonical_member_invalidates_but_attempts_do_not (test_evidence_snapshot.SnapshotTests) ... ok
test_reuses_only_within_scope_and_returns_independent_values (test_evidence_snapshot.SnapshotTests) ... ok
test_strict_and_advisory_entries_never_mix (test_evidence_snapshot.SnapshotTests) ... ok
test_tool_inventory_addition_deletion_and_lock_edit_invalidate (test_evidence_snapshot.SnapshotTests) ... ok
test_workspace_and_advisory_asset_scope (test_evidence_snapshot.SnapshotTests) ... ok
test_all_three_runner_build_paths_pass_roots_to_extraction (test_export_routing.ExportRecipeTests) ... ok
test_optional_default_and_runner_identity_propagation (test_export_routing.ExportRecipeTests) ... ok
test_roots_derive_only_exported_actual_nonentry_members (test_export_routing.ExportRecipeTests) ... ok
test_strict_inventory_members_and_harness_rederivation (test_export_routing.ExportRecipeTests) ... ok
test_extract_and_cached_reextract_keep_only_explicit_new_table_semantics (test_export_routing.RootedExtractionTests) ... ok
test_both_coordinate_modes_preserve_export_helper_cycle_and_other_hunks (test_export_routing.UnitTrampolineMappingTests) ... ok
test_cache_hit_never_waits_for_a_held_leader (test_fleet.CompileQueueTests) ... ok
test_command_budget_and_oversized_unit_make_progress (test_fleet.CompileQueueTests) ... ok
test_invalid_collection_window_rejected_before_spooling (test_fleet.CompileQueueTests) ... ok
test_large_request_drains_capped_batches_and_preserves_result_order (test_fleet.CompileQueueTests) ... ok
test_ordinary_and_mixed_waiters_share_one_backend_batch (test_fleet.CompileQueueTests) ... ok
test_round_robin_gives_other_requests_a_slot (test_fleet.CompileQueueTests) ... ok
test_timeout_and_stale_leader_are_reported (test_fleet.CompileQueueTests) ... ok
test_waiting_requests_coalesce_into_one_batch (test_fleet.CompileQueueTests) ... ok
test_release_keeps_foreign_lock (test_fleet.FileLockTests) ... ok
test_timeout_and_dead_owner_are_reported_not_stolen (test_fleet.FileLockTests) ... ok
test_waiter_acquires_after_release (test_fleet.FileLockTests) ... ok
test_caps_and_reasons (test_fleet.HostGuardTests) ... ok
test_parse_cx_ps (test_fleet.HostGuardTests) ... ok
test_running_workers_handles_missing_cx_and_failures (test_fleet.HostGuardTests) ... ok
test_dead_reservation_is_replaced_and_reported (test_fleet.HypothesisReservationTests) ... ok
test_in_flight_twin_is_waited_for_then_rejected_as_duplicate (test_fleet.HypothesisReservationTests) ... ok
test_launch_plan_caps_and_prints_both_shells (test_fleet.LaunchPlanTests) ... ok
test_blocked_result_is_summarized_not_written (test_fleet.PacketAndIntakeTests) ... ok
test_equal_claim_is_reverified_and_never_promoted (test_fleet.PacketAndIntakeTests) ... ok
test_intake_all_summarizes_and_skips_already_intaken (test_fleet.PacketAndIntakeTests) ... ok
test_invalid_results_are_rejected (test_fleet.PacketAndIntakeTests) ... ok
test_packet_is_small_and_self_contained (test_fleet.PacketAndIntakeTests) ... ok
test_unit_packet_explains_multi_member_authoring (test_fleet.PacketAndIntakeTests) ... ok
test_unit_result_names_every_new_member_source (test_fleet.PacketAndIntakeTests) ... ok
test_blocked_leaf_without_task_is_reported (test_fleet.PlannerUnlockTests) ... ok
test_blocked_task_is_not_boosted_and_waiting_tasks_count (test_fleet.PlannerUnlockTests) ... ok
test_intake_mentions_and_dependencies_boost_the_blocking_unit (test_fleet.PlannerUnlockTests) ... ok
test_build_tasks_skips_canonical_and_keeps_targets_unique (test_fleet.QueueTests) ... ok
test_expired_lease_is_reclaimable (test_fleet.QueueTests) ... ok
test_parallel_processes_never_share_a_task (test_fleet.QueueTests) ... ok
test_priority_dependencies_obsolete_and_idempotence (test_fleet.QueueTests) ... ok
test_layout_interval_widens_cycle_into_one_region (test_fleet.RegionTests) ... ok
test_member_tasks_are_blocked_by_region_and_independent_ones_stay_open (test_fleet.RegionTests) ... ok
test_region_packet_and_verify_argv (test_fleet.RegionTests) ... ok
test_short_form_call_depends_on_unrecovered_bytes_between (test_fleet.RegionTests) ... ok
skipped 'local historical bootstrap cache absent'
test_a4_clobber_prevents_abi_identity_promotion (test_grinder_pipeline.FunctionCensusTests) ... ok
test_calls_create_entries_without_swallowing_callee (test_grinder_pipeline.FunctionCensusTests) ... ok
test_data_barrier_blocks_promotion (test_grinder_pipeline.FunctionCensusTests) ... ok
test_indirect_jump_stops_without_inventing_switch_targets (test_grinder_pipeline.FunctionCensusTests) ... ok
test_overlay_trampoline_callback_is_a_function_reference (test_grinder_pipeline.FunctionCensusTests) ... ok
test_pc_relative_short_format_literal_is_evidenced (test_grinder_pipeline.FunctionCensusTests) ... ok
test_proven_pc_relative_word_jump_table_closes_cfg (test_grinder_pipeline.FunctionCensusTests) ... ok
test_return_does_not_linear_sweep_adjacent_code (test_grinder_pipeline.FunctionCensusTests) ... ok
test_seed_in_instruction_cannot_make_closed_extent (test_grinder_pipeline.FunctionCensusTests) ... ok
test_ansi_parameters_and_literal_placeholders_rejected (test_grinder_pipeline.VerifierContractTests) ... ok
test_cache_key_changes_with_source_flags_or_harness (test_grinder_pipeline.VerifierContractTests) ... ok
test_call_target_may_not_absorb_addend (test_grinder_pipeline.VerifierContractTests) ... ok
test_cross_overlay_extern_uses_a_separate_proxy (test_grinder_pipeline.VerifierContractTests) ... ok
test_harness_deduplicates_one_global_with_partial_record_views (test_grinder_pipeline.VerifierContractTests) ... ok
test_harness_deduplicates_one_record_tag (test_grinder_pipeline.VerifierContractTests) ... ok
test_mechanical_entry_symbol_is_supported_for_cyclic_candidate_groups (test_grinder_pipeline.VerifierContractTests) ... ok
test_multidimensional_external_array_uses_natural_c_layout (test_grinder_pipeline.VerifierContractTests) ... ok
test_non_unique_displacement_is_not_masked (test_grinder_pipeline.VerifierContractTests) ... ok
test_overlay_trampoline_requires_the_proxy_symbol_identity (test_grinder_pipeline.VerifierContractTests) ... ok
test_plain_harness_contains_no_fixed_placement (test_grinder_pipeline.VerifierContractTests) ... ok
test_repeated_extern_has_one_harness_definition (test_grinder_pipeline.VerifierContractTests) ... ok
test_source_escape_hatches_rejected (test_grinder_pipeline.VerifierContractTests) ... ok
test_structural_difference_skips_matching_reference_forms (test_grinder_pipeline.VerifierContractTests) ... ok
test_target_identity_requires_bounded_data_addend (test_grinder_pipeline.VerifierContractTests) ... ok
test_unsigned_function_return_is_a_valid_historical_extern (test_grinder_pipeline.VerifierContractTests) ... ok
test_void_extern_gets_an_aztec_compatible_harness_definition (test_grinder_pipeline.VerifierContractTests) ... ok
test_owned_request_dispatches_complete_unit_before_standalone_tail (test_isolated_verifier.AutomaticOwnedUnitTests) ... ok
test_automatic_unit_retains_raw_declarations_and_rederives_harness_input (test_isolated_verifier.AutomaticUnitProvenanceTests) ... ok
skipped 'bootstrap compiler cache unavailable'
test_isolated_unit_check_saves_only_to_selected_output_and_skips_promotion (test_isolated_verifier.IsolatedUnitReceiptTests) ... ok
test_isolated_unit_retention_does_not_write_recovery_units (test_isolated_verifier.IsolatedUnitReceiptTests) ... ok
test_body_and_base_mutations_with_rehashed_receipt_reject (test_library_a4.LibraryA4Tests) ... ok
test_changed_library_rehashed_document_still_fails_distribution_pin (test_library_a4.LibraryA4Tests) ... ok
test_changed_link_recipe_rejects_even_rehashed_receipt (test_library_a4.LibraryA4Tests) ... ok
test_extra_code_allocation_rehashed_receipt_rejects (test_library_a4.LibraryA4Tests) ... ok
test_kernel_private_helper_order_and_identity_reject (test_library_a4.LibraryA4Tests) ... ok
test_legacy_absence_has_no_runtime_claim (test_library_a4.LibraryA4Tests) ... ok
test_legacy_six_unit_input_remains_88_bytes (test_library_a4.LibraryA4Tests) ... ok
test_private_helper_cannot_replace_accepted_public_entry (test_library_a4.LibraryA4Tests) ... ok
test_real_complete_units_only_count_158_runtime_bytes (test_library_a4.LibraryA4Tests) ... ok
test_same_shape_wrong_base_initview_rejects (test_library_a4.LibraryA4Tests) ... ok
test_sdk_source_and_member_object_mutations_reject (test_library_a4.LibraryA4Tests) ... ok
test_stale_canonical_source_and_proof_reject (test_library_a4.LibraryA4Tests) ... ok
test_wrong_executable_and_map_reject_even_rehashed_metadata (test_library_a4.LibraryA4Tests) ... ok
test_wrong_game_group_base_bounds_and_reference_reject (test_library_a4.LibraryA4Tests) ... ok
test_argument_file_content_and_command (test_link_line.LinkLineTests) ... ok
test_decision_is_batch_index_independent (test_link_line.LinkLineTests) ... ok
test_identity_field_only_for_argument_file_links (test_link_line.LinkLineTests) ... ok
test_short_form_is_byte_identical_to_legacy_builder (test_link_line.LinkLineTests) ... ok
test_threshold_is_on_argument_text_after_redirections (test_link_line.LinkLineTests) ... ok
test_blocker_package_keeps_current_evidence_without_source_duplication (test_local_grinding.FactBudgetTests) ... ok
test_canonical_call_excerpt_is_complete_and_bounded (test_local_grinding.FactBudgetTests) ... ok
test_canonical_examples_cover_each_external_callee_before_duplicates (test_local_grinding.FactBudgetTests) ... ok
test_drops_examples_before_required_facts (test_local_grinding.FactBudgetTests) ... ok
test_latest_candidate_and_mismatch_survive_reduction (test_local_grinding.FactBudgetTests) ... ok
test_oversize_required_facts_block_without_truncation (test_local_grinding.FactBudgetTests) ... ok
test_truncated_previous_c_is_not_silently_sent (test_local_grinding.FactBudgetTests) ... ok
test_completed_response_reused_and_raw_tamper_rejected (test_local_grinding.LocalCacheTests) ... ok
test_empty_completed_response_is_cached_as_rejected (test_local_grinding.LocalCacheTests) ... ok
test_blocker_impact_follows_callers_without_claiming_recovery (test_local_grinding.ReportTests) ... ok
test_blockers_group_by_mechanism (test_local_grinding.ReportTests) ... ok
test_byte_return_blocker_does_not_recommend_more_candidate_retries (test_local_grinding.ReportTests) ... ok
test_byte_zero_extension_blocker_does_not_recommend_more_candidate_retries (test_local_grinding.ReportTests) ... ok
test_cyclic_call_blocker_uses_layout_proof_not_isolated_retries (test_local_grinding.ReportTests) ... ok
test_fingerprint_retains_boolean_return_shapes (test_local_grinding.ReportTests) ... ok
test_fingerprint_retains_forward_local_call_probe (test_local_grinding.ReportTests) ... ok
test_fingerprint_retains_the_byte_return_abi_matrix (test_local_grinding.ReportTests) ... ok
test_fingerprint_retains_the_byte_zero_extension_probe (test_local_grinding.ReportTests) ... ok
test_fixture_and_hosted_promotions_are_not_local_successes (test_local_grinding.ReportTests) ... ok
test_local_match_requires_both_pinned_canonical_and_proposer_receipts (test_local_grinding.ReportTests) ... ok
test_persistent_codegen_blocker_does_not_request_more_isolated_c (test_local_grinding.ReportTests) ... ok
test_typed_byte_fallthrough_does_not_fake_a_defined_byte_return (test_local_grinding.ReportTests) ... ok
test_frontier_requires_safe_overlay_evidence (test_local_grinding.TransportAndQueueTests) ... ok
test_intermediate_exact_proof_is_not_a_promotion (test_local_grinding.TransportAndQueueTests) ... ok
test_only_loopback_endpoints (test_local_grinding.TransportAndQueueTests) ... ok
test_redirect_not_followed (test_local_grinding.TransportAndQueueTests) ... ok
test_port_override_rejected (test_local_proposer.LocalProposerTests) ... ok
test_protocol_newlines_do_not_corrupt_c_literals (test_local_proposer.LocalProposerTests) ... ok
test_redirect_not_followed (test_local_proposer.LocalProposerTests) ... ok
test_source_only (test_local_proposer.LocalProposerTests) ... ok
test_tools_rejected (test_local_proposer.LocalProposerTests) ... ok
test_transport_is_literal_loopback (test_local_proposer.LocalProposerTests) ... ok
test_truncation_rejected (test_local_proposer.LocalProposerTests) ... ok
test_unbounded_source_rejected (test_local_proposer.LocalProposerTests) ... ok
test_only_established_classes_mix (test_member_profiles.LinkCompatibilityTests) ... ok
test_policy_flags_match_the_oracle_profiles (test_member_profiles.LinkCompatibilityTests) ... ok
test_proof_profile_prefers_the_recorded_member_profile (test_member_profiles.LinkCompatibilityTests) ... ok
test_canonical_member_keeps_its_proven_profile_through_promotion (test_member_profiles.MemberProfilePromotionEvidenceTests) ... ok
test_member_objects_do_not_change_ordinary_partitions (test_member_profiles.ObjectProfileTests) ... ok
test_mixed_identity_is_a_distinct_cache_family (test_member_profiles.ObjectProfileTests) ... ok
test_mixed_objects_gain_object_profiles (test_member_profiles.ObjectProfileTests) ... ok
test_one_object_cannot_mix_profiles (test_member_profiles.ObjectProfileTests) ... ok
test_uniform_profiles_keep_the_ordinary_trial (test_member_profiles.ObjectProfileTests) ... ok
test_bad_harness_trial_does_not_cancel_valid_trial (test_model_proposer.GrinderContinuationTests) ... ok
test_compiler_service_failure_checkpoints_without_poisoning_queue (test_model_proposer.GrinderContinuationTests) ... ok
test_deferral_reports_the_dependency_gap (test_model_proposer.GrinderContinuationTests) ... ok
test_eligibility_excludes_pc_relative_data_without_owned_data_proof (test_model_proposer.GrinderContinuationTests) ... ok
test_eligibility_excludes_unowned_same_node_dependencies (test_model_proposer.GrinderContinuationTests) ... ok
test_first_cached_mismatch_gets_revision_opportunity (test_model_proposer.GrinderContinuationTests) ... ok
test_service_failure_does_not_poison_function_queue (test_model_proposer.GrinderContinuationTests) ... ok
test_bounded_ascii_source_required (test_model_proposer.ModelProposerTests) ... ok
test_failed_turn_never_returns_candidate (test_model_proposer.ModelProposerTests) ... ok
test_structured_source_and_usage (test_model_proposer.ModelProposerTests) ... ok
test_tool_attempt_rejects_otherwise_valid_source (test_model_proposer.ModelProposerTests) ... ok
test_truncated_stream_never_returns_candidate (test_model_proposer.ModelProposerTests) ... ok
test_candidate_bytes_beyond_the_members_are_not_claimed (test_multi_member_unit.CyclicUnitComparisonTests) ... ok
test_intra_unit_call_bound_to_the_wrong_member_fails (test_multi_member_unit.CyclicUnitComparisonTests) ... ok
test_mutual_calls_between_new_members_prove_as_one_unit (test_multi_member_unit.CyclicUnitComparisonTests) ... ok
test_one_wrong_member_fails_the_whole_unit (test_multi_member_unit.CyclicUnitComparisonTests) ... ok
test_cycle_sources_bind_the_entry_and_member_names (test_multi_member_unit.MultiMemberPreparationTests) ... ok
test_gaps_and_unknown_members_are_refused (test_multi_member_unit.MultiMemberPreparationTests) ... ok
test_without_members_a_cycle_still_needs_a_canonical_dependency (test_multi_member_unit.MultiMemberPreparationTests) ... ok
test_a_conflicting_member_blocks_every_write (test_multi_member_unit.MultiMemberPromotionTests) ... ok
test_every_new_member_is_promoted_with_the_shared_receipt (test_multi_member_unit.MultiMemberPromotionTests) ... ok
test_six_member_compact_unit (test_multi_member_unit.PositiveControlTests) ... skipped 'positive-control compile cache absent'
test_two_member_single_object_unit (test_multi_member_unit.PositiveControlTests) ... skipped 'positive-control compile cache absent'
test_classes (test_natural_interval.DisplacementClassTests) ... ok
test_interval_text (test_natural_interval.DisplacementClassTests) ... ok
test_conflicting_views_share_one_stand_in (test_natural_interval.ExternalStandInTests) ... ok
test_consistent_declarations_keep_the_source_identity (test_natural_interval.ExternalStandInTests) ... ok
test_backward_call_and_non_crossing_calls (test_natural_interval.GapCrossingTests) ... ok
test_canonical_members_are_regression_checks (test_natural_interval.GapCrossingTests) ... ok
test_long_call_that_would_fit_bsr_b_when_compacted_is_gap_dependent (test_natural_interval.GapCrossingTests) ... ok
test_long_call_whose_compact_distance_stays_long_is_gap_independent (test_natural_interval.GapCrossingTests) ... ok
test_outside_interval_callee_span_is_reported_separately (test_natural_interval.GapCrossingTests) ... ok
test_short_call_across_a_gap_stays_short (test_natural_interval.GapCrossingTests) ... ok
test_target_inside_an_unlinked_span_blocks (test_natural_interval.GapCrossingTests) ... ok
test_three_member_unit_with_canonical_regressions (test_natural_interval.NaturalPositiveControlTests) ... skipped 'positive-control compile cache absent'
test_every_interval_function_is_linked_in_address_order (test_natural_interval.NaturalPreparationTests) ... ok
test_legacy_modes_ignore_the_interval_machinery (test_natural_interval.NaturalPreparationTests) ... ok
test_members_and_bounds_must_respect_the_interval (test_natural_interval.NaturalPreparationTests) ... ok
test_unrecovered_interval_function_needs_a_source (test_natural_interval.NaturalPreparationTests) ... ok
test_ov11_37e4_promotion_reloads_in_a_temporary_root (test_natural_interval.NaturalPromotionEvidenceTests) ... skipped 'already canonical'
test_ov11_37e4_interval_from_cache (test_natural_interval.NaturalSeparateObjectControlTests) ... skipped 'positive-control compile cache absent'
test_grouped_unit_promotes_and_its_objects_re_derive_from_unit_c (test_natural_interval.ObjectGroupPromotionEvidenceTests) ... ok
test_group_object_concatenates_sources_and_keeps_one_external_view (test_natural_interval.ObjectGroupTests) ... ok
test_groups_are_consecutive_gapless_and_new_or_proven (test_natural_interval.ObjectGroupTests) ... ok
test_grouping_needs_canonical_unchanged_consecutive_members (test_natural_interval.ProvenGroupingTests) ... ok
test_partitioned_receipt_groups_only_its_shared_objects (test_natural_interval.ProvenGroupingTests) ... ok
test_single_object_receipt_groups_its_members (test_natural_interval.ProvenGroupingTests) ... ok
test_natural_receipt_summary_flags_dependent_crossings (test_natural_interval.ReceiptSummaryTests) ... ok
test_cli_flag_selects_aztec36_and_forwards_opt_in_library (test_oracle_extra_libraries.ExtraLibraryIdentityTests) ... ok
test_default_recipe_and_identity_remain_c_lib_only (test_oracle_extra_libraries.ExtraLibraryIdentityTests) ... ok
test_m_lib_is_rejected_for_5a_and_unknown_libraries (test_oracle_extra_libraries.ExtraLibraryIdentityTests) ... ok
test_pinned_m_lib_is_ordered_and_cache_keyed_by_hash_and_recipe (test_oracle_extra_libraries.ExtraLibraryIdentityTests) ... ok
test_contribution_must_be_initialized_code (test_overlay_experiment.OverlayExperimentTests) ... ok
test_partial_relocation_rejected (test_overlay_experiment.OverlayExperimentTests) ... ok
test_relocations_normalize_only_source_position (test_overlay_experiment.OverlayExperimentTests) ... ok
test_symbol_map_keeps_hunk_identity (test_overlay_experiment.OverlayExperimentTests) ... ok
test_code_literal_and_unclaimed_bytes_tile_hunk (test_overlay_frontier.OverlayFrontierTests) ... ok
test_overlapping_claims_fail_closed (test_overlay_frontier.OverlayFrontierTests) ... ok
test_exact_tail_and_pc_target_are_proven (test_owned_code_data.OwnedCodeDataTests) ... ok
test_independent_promotion_loader_accepts_terminal_alignment (test_owned_code_data.OwnedCodeDataTests) ... ok
test_noncontiguous_string_evidence_is_rejected (test_owned_code_data.OwnedCodeDataTests) ... ok
test_odd_literal_bundle_requires_one_zero_alignment_byte (test_owned_code_data.OwnedCodeDataTests) ... ok
test_ordinary_function_gate_still_blocks_pc_relative_data (test_owned_code_data.OwnedCodeDataTests) ... ok
test_tail_mismatch_never_promotes (test_owned_code_data.OwnedCodeDataTests) ... ok
test_terminal_hunk_alignment_bounds_a_final_literal_tail (test_owned_code_data.OwnedCodeDataTests)
A final hunk tail may leave only serialization alignment zeros. ... ok
test_terminal_hunk_alignment_rejects_nonzero_unclaimed_bytes (test_owned_code_data.OwnedCodeDataTests) ... ok
test_changed_payload_rejected (test_owned_static_data.OwnedStaticDataTests) ... ok
test_exact_payload_proof (test_owned_static_data.OwnedStaticDataTests) ... ok
test_linked_data_follows_harness_data (test_owned_static_data.OwnedStaticDataTests) ... ok
test_linked_data_uses_manifest_symbol_after_runtime_data (test_owned_static_data.OwnedStaticDataTests) ... ok
test_relocation_requires_stronger_proof (test_owned_static_data.OwnedStaticDataTests) ... ok
test_competing_ledger_writer_waits_and_preserves_batch_commit (test_promotion_batch.PromotionBatchTests) ... ok
test_existing_source_conflict_cannot_be_silently_replaced (test_promotion_batch.PromotionBatchTests) ... ok
test_failed_member_and_overlapping_members_block_before_regression (test_promotion_batch.PromotionBatchTests) ... ok
test_interruption_after_commit_recognizes_complete_batch (test_promotion_batch.PromotionBatchTests) ... ok
test_interruption_before_commit_blocks_writers_and_recovers (test_promotion_batch.PromotionBatchTests) ... ok
test_owned_literal_span_cannot_overlap_another_member (test_promotion_batch.PromotionBatchTests) ... ok
test_real_cached_comparisons_publish_and_independently_reload (test_promotion_batch.PromotionBatchTests) ... skipped 'control compiler cache absent'
test_recovery_preserves_conflicting_foreign_edit (test_promotion_batch.PromotionBatchTests) ... ok
test_regression_failure_and_changed_inputs_publish_nothing (test_promotion_batch.PromotionBatchTests) ... ok
test_regression_gate_rejects_suite_source_changed_mid_run (test_promotion_batch.PromotionBatchTests) ... ok
test_two_promotions_share_one_bound_regression_receipt (test_promotion_batch.PromotionBatchTests) ... ok
test_verification_snapshot_rejects_dependency_edit_before_gate (test_promotion_batch.PromotionBatchTests) ... ok
test_write_failure_restores_every_canonical_file (test_promotion_batch.PromotionBatchTests) ... ok
test_cached_mixed_identity_and_outputs_replay_unchanged (test_queued_oracle.QueuedOracleTests) ... ok
test_queue_capability_routes_both_kinds_without_splitting (test_queued_oracle.QueuedOracleTests) ... ok
test_trial_plans_use_exact_legacy_identities (test_queued_oracle.QueuedOracleTests) ... ok
test_advice_is_optional_during_local_context_reduction (test_recovery_feedback.RecoveryFeedbackTests) ... ok
test_advisory_failure_does_not_disable_existing_recovery (test_recovery_feedback.RecoveryFeedbackTests) ... ok
test_exhaustion_runs_review_with_original_scope_without_proposals (test_recovery_feedback.RecoveryFeedbackTests) ... ok
test_fresh_context_excludes_prior_candidate_text (test_recovery_feedback.RecoveryFeedbackTests) ... ok
test_frontier_analysis_is_bounded_and_deduplicated (test_recovery_feedback.RecoveryFeedbackTests) ... ok
test_local_prompt_does_not_mix_another_candidates_diagnostic (test_recovery_feedback.RecoveryFeedbackTests) ... ok
test_blocked_candidate_is_never_counted_as_eligible (test_recovery_plan.RecoveryPlanTests) ... ok
test_eligible_candidate_remains_actionable (test_recovery_plan.RecoveryPlanTests) ... ok
test_large_scc_is_review_not_a_truncated_unit (test_recovery_plan.RecoveryPlanTests) ... ok
test_limits_are_bounded (test_recovery_plan.RecoveryPlanTests) ... ok
test_live_frontier_report_is_read_only_and_capped (test_recovery_plan.RecoveryPlanTests) ... ok
test_plan_counts_overlapping_mechanisms_and_groups_cycle (test_recovery_plan.RecoveryPlanTests) ... ok
test_proof_blocker_is_mechanism_specific_and_retry_is_not_suggested (test_recovery_plan.RecoveryPlanTests) ... ok
test_self_recursion_does_not_create_a_multi_function_unit (test_recovery_plan.RecoveryPlanTests) ... ok
test_actual_data_payload_unique_relocation_and_exact_body_mapping (test_resident_interfaces.ResidentInterfaceTests) ... ok
test_cache_reextract_rejects_consistently_rehashed_payload_and_missing_recipe (test_resident_interfaces.ResidentInterfaceTests) ... ok
test_harness_and_all_runner_identities_preserve_optional_legacy_behavior (test_resident_interfaces.ResidentInterfaceTests) ... ok
test_no_qualifying_declaration_and_proved_embedded_table_compatibility (test_resident_interfaces.ResidentInterfaceTests) ... ok
test_original_decoded_calls_payloads_and_unique_relocations (test_resident_interfaces.ResidentInterfaceTests) ... ok
test_strict_original_source_recipe_and_harness_rederivation (test_resident_interfaces.ResidentInterfaceTests) ... ok
test_asm_edit_with_rehashed_receipt_rejects (test_resident_mixed.ResidentMixedTests) ... ok
test_canonical_anchor_staleness_rejects (test_resident_mixed.ResidentMixedTests) ... ok
test_canonical_mixed_admission_and_language_accounting (test_resident_mixed.ResidentMixedTests) ... ok
test_canonical_mixed_object_requires_its_curated_fact (test_resident_mixed.ResidentMixedTests) ... ok
test_changed_oracle_identity_rejects (test_resident_mixed.ResidentMixedTests) ... ok
test_complete_staged_object_has_no_acceptance (test_resident_mixed.ResidentMixedTests) ... ok
test_generated_source_extent_keeps_cfg_and_language_separate (test_resident_mixed.ResidentMixedTests) ... ok
test_global_symbol_retarget_with_rehashed_map_rejects (test_resident_mixed.ResidentMixedTests) ... ok
test_harness_edit_with_rehashed_receipt_rejects (test_resident_mixed.ResidentMixedTests) ... ok
test_language_partition_cannot_absorb_asm (test_resident_mixed.ResidentMixedTests) ... ok
test_leaf_source_edit_with_rehashed_receipt_rejects (test_resident_mixed.ResidentMixedTests) ... ok
test_link_recipe_edit_rejects (test_resident_mixed.ResidentMixedTests) ... ok
test_marker_shift_with_rehashed_map_rejects (test_resident_mixed.ResidentMixedTests) ... ok
test_mixed_canonical_source_is_rederived_after_rehash (test_resident_mixed.ResidentMixedTests) ... ok
test_mixed_proof_binds_unchanged_canonical_dependencies (test_resident_mixed.ResidentMixedTests) ... ok
test_normal_c_guard_remains_closed (test_resident_mixed.ResidentMixedTests) ... ok
test_original_relocation_cannot_be_silently_omitted (test_resident_mixed.ResidentMixedTests) ... ok
test_quarantine_is_never_a_recipe_input (test_resident_mixed.ResidentMixedTests) ... ok
test_rehashed_mixed_proof_cannot_absorb_asm_as_c (test_resident_mixed.ResidentMixedTests) ... ok
test_scoped_census_binds_mixed_artifacts_and_fact_presence (test_resident_mixed.ResidentMixedTests) ... ok
test_source_edit_with_rehashed_receipt_rejects (test_resident_mixed.ResidentMixedTests) ... ok
test_source_extent_cannot_be_shortened_to_cfg (test_resident_mixed.ResidentMixedTests) ... ok
test_source_extent_rejects_conflicting_cfg (test_resident_mixed.ResidentMixedTests) ... ok
test_source_extent_rejects_nested_entry (test_resident_mixed.ResidentMixedTests) ... ok
test_staged_extent_cannot_replace_canonical_proof (test_resident_mixed.ResidentMixedTests) ... ok
test_staged_extent_rejects_overlap_with_canonical_source (test_resident_mixed.ResidentMixedTests) ... ok
test_unexplained_object_storage_with_rehashed_receipt_rejects (test_resident_mixed.ResidentMixedTests) ... ok
test_whole_object_size_cannot_be_clipped (test_resident_mixed.ResidentMixedTests) ... ok
test_changed_harness_size_and_object_order_reject (test_resident_object.ResidentObjectTests) ... ok
test_data_labels_and_unnamed_code_are_not_function_boundaries (test_resident_object.ResidentObjectTests) ... ok
test_inflated_source_extent_cannot_absorb_bootstrap (test_resident_object.ResidentObjectTests) ... ok
test_retained_control_is_object_bounded_not_whole_root (test_resident_object.ResidentObjectTests) ... ok
test_root_link_omits_empty_overlay_and_keeps_real_proxy_return (test_resident_object.ResidentObjectTests) ... ok
test_root_unit_keeps_external_callee_and_global_coordinates (test_resident_object.ResidentObjectTests) ... ok
test_root_unit_uses_physical_base_without_remapping_harness (test_resident_object.ResidentObjectTests) ... ok
test_wrong_root_entry_and_crossing_relocation_reject (test_resident_object.ResidentObjectTests) ... ok
test_candidate_relocation_rejected (test_runtime_arithmetic.RuntimeAliasTests) ... ok
test_changed_last_instruction (test_runtime_arithmetic.RuntimeAliasTests) ... ok
test_complete_match (test_runtime_arithmetic.RuntimeAliasTests) ... ok
test_original_hash_rejected (test_runtime_arithmetic.RuntimeAliasTests) ... ok
test_original_relocation_rejected (test_runtime_arithmetic.RuntimeAliasTests) ... ok
test_partial_match_rejected (test_runtime_arithmetic.RuntimeAliasTests) ... ok
test_runtime_symbol_names_are_not_limited_to_multiply (test_runtime_arithmetic.RuntimeAliasTests) ... ok
test_shifted_symbol (test_runtime_arithmetic.RuntimeAliasTests) ... ok
test_wrong_library (test_runtime_arithmetic.RuntimeAliasTests) ... ok
test_absent_optional_runtime_evidence (test_runtime_guidance.RuntimeGuidanceTests) ... ok
test_hunk_reference_has_exact_mechanical_name (test_runtime_guidance.RuntimeGuidanceTests) ... ok
test_ranking_guidance_does_not_promote_runtime (test_runtime_guidance.RuntimeGuidanceTests) ... ok
test_real_helper_guidance_preserves_ambiguity (test_runtime_guidance.RuntimeGuidanceTests) ... ok
test_signed_division_helper_has_a_complete_runtime_identity (test_runtime_guidance.RuntimeGuidanceTests) ... ok
test_wrong_executable_rejected (test_runtime_guidance.RuntimeGuidanceTests) ... ok
test_aligned_complete_match (test_runtime_match.RuntimeMatchTests) ... ok
test_odd_offset_and_data_not_code (test_runtime_match.RuntimeMatchTests) ... ok
test_partial_match_rejected (test_runtime_match.RuntimeMatchTests) ... ok
test_relocation_overlapping_start_rejects_match (test_runtime_match.RuntimeMatchTests) ... ok
test_failure_does_not_reuse_previous_object_and_source_text_is_not_output (test_shape_search.EmittedIdentityTests) ... ok
test_profile_changes_are_distinct_and_legacy_records_remain_readable (test_shape_search.EmittedIdentityTests) ... ok
test_same_code_preserves_changed_object_fixups_and_symbol_bindings (test_shape_search.EmittedIdentityTests) ... ok
test_ledger_appends_scores_and_rejects_prior_duplicates (test_shape_search.HypothesisLedgerTests) ... ok
test_ledger_lock_is_respected (test_shape_search.HypothesisLedgerTests) ... ok
test_malformed_ledger_and_outside_path_are_refused (test_shape_search.HypothesisLedgerTests) ... ok
test_parent_measurement_compile_is_counted_and_budgeted (test_shape_search.HypothesisLedgerTests) ... ok
test_rescore_is_read_only_and_resolves_parents_from_cache (test_shape_search.HypothesisLedgerTests) ... ok
test_parent_may_name_a_ledger_line_or_cache_key (test_shape_search.PayloadLengthMeasurementTests) ... ok
test_payload_only_scoring_is_per_field (test_shape_search.PayloadLengthMeasurementTests) ... ok
test_unsupported_with_payload_keeps_only_length (test_shape_search.PayloadLengthMeasurementTests) ... ok
test_confirmed_refuted_and_partial (test_shape_search.PredictionScoringTests) ... ok
test_metrics_come_only_from_supported_diagnostics (test_shape_search.PredictionScoringTests) ... ok
test_unsupported_or_missing_parent_is_unmeasurable (test_shape_search.PredictionScoringTests) ... ok
test_cached_only_refuses_prepared_same_overlay_unit_before_verifier (test_shape_search.ShapeSearchEvaluationTests) ... ok
test_runs_isolated_verifier_and_keeps_exact_verdicts_ahead_of_diagnostic_rank (test_shape_search.ShapeSearchEvaluationTests) ... ok
test_unsupported_diagnosis_remains_visible_without_changing_verdict (test_shape_search.ShapeSearchEvaluationTests) ... ok
test_manifest_parses_explicit_independent_variants (test_shape_search.ShapeSearchManifestTests) ... ok
test_rejects_unique_compile_budget_overrun_and_duplicate_ids (test_shape_search.ShapeSearchManifestTests) ... ok
test_rejects_unknown_schema_fields_and_escaping_source_paths (test_shape_search.ShapeSearchManifestTests) ... ok
test_rejects_unsupported_diagnostic_scope (test_shape_search.ShapeSearchManifestTests) ... ok
test_duplicate_after_normalization_is_rejected_within_manifest (test_shape_search.ShapeSearchSchemaV2Tests) ... ok
test_normalization_is_comments_and_whitespace_only (test_shape_search.ShapeSearchSchemaV2Tests) ... ok
test_v1_manifest_still_rejects_v2_fields_and_v2_requires_them (test_shape_search.ShapeSearchSchemaV2Tests) ... ok
test_v2_manifest_parses_hypothesis_fields (test_shape_search.ShapeSearchSchemaV2Tests) ... ok
test_v2_rejects_malformed_predictions_and_parents (test_shape_search.ShapeSearchSchemaV2Tests) ... ok
test_consistently_rehashed_canonical_change_invalidates_old_recipe (test_terminal_padding.TerminalPaddingTests) ... ok
test_default_input_is_reread_inside_an_existing_snapshot_scope (test_terminal_padding.TerminalPaddingTests) ... ok
test_extra_code_allocation_rejects_even_with_consistently_rehashed_artifact (test_terminal_padding.TerminalPaddingTests) ... ok
test_legacy_absence_has_no_contributions (test_terminal_padding.TerminalPaddingTests) ... ok
test_literal_and_artifact_changes_reject_even_at_same_size (test_terminal_padding.TerminalPaddingTests) ... ok
test_live_supplied_context_produces_only_two_padding_bytes (test_terminal_padding.TerminalPaddingTests) ... ok
test_missing_wrong_reordered_members_objects_bounds_and_profiles_reject (test_terminal_padding.TerminalPaddingTests) ... ok
test_real_cached_reextraction_rejects_same_size_nonzero_pad (test_terminal_padding.TerminalPaddingTests) ... ok
test_relocation_or_analyzed_reference_into_pad_rejects (test_terminal_padding.TerminalPaddingTests) ... ok
test_runtime_alias_branch_uses_supplied_original_context (test_terminal_padding.TerminalPaddingTests) ... ok
test_source_proof_group_and_retained_raw_source_edits_reject (test_terminal_padding.TerminalPaddingTests) ... ok
test_supplied_context_reaches_natural_owned_literal_replay (test_terminal_padding.TerminalPaddingTests) ... ok
test_declaration_inventory_detects_added_and_removed_sources (test_type_evidence.DeclarationConflictTests) ... ok
test_distinguishes_abi_alias_from_real_shape_conflicts (test_type_evidence.DeclarationConflictTests) ... ok
test_extension_context_requires_same_loaded_register (test_type_evidence.DeclarationConflictTests) ... ok
test_function_slice_is_bounded_and_keeps_program_widths (test_type_evidence.DeclarationConflictTests) ... ERROR
test_function_slice_rejects_stale_oracle_inputs (test_type_evidence.DeclarationConflictTests) ... ok
test_instruction_facts_do_not_collapse_to_store_or_signed_type (test_type_evidence.DeclarationConflictTests) ... ok
test_reports_order_sensitive_declaration_pairs (test_type_evidence.DeclarationConflictTests) ... ok
test_worker_reads_serve_stale_evidence_only_with_an_explicit_flag (test_type_evidence.DeclarationConflictTests) ... ERROR
test_advisory_image_skips_only_promotion_revalidation (test_unit_diag.AdvisoryPromotionEvidenceTests) ... ok
test_receipt_diagnostic_survives_a_rejected_canonical_receipt (test_unit_diag.AdvisoryPromotionEvidenceTests) ... ok
test_exact_verified_two_member_unit_is_all_same_with_no_gaps (test_unit_diag.CachedUnitTests) ... ok
test_ov11_cycle_package_gap_remains_unknown (test_unit_diag.CachedUnitTests) ... ok
test_cycle_calls_resolve_per_member_and_the_gap_stays_unknown (test_unit_diag.MultiNewMemberTests) ... ok
test_candidate_is_bounded_by_its_own_symbols_not_original_lengths (test_unit_diag.UnitShapeTests) ... ok
test_compact_summary_is_bounded (test_unit_diag.UnitShapeTests) ... ok
test_gap_stays_unknown_and_candidate_only_bytes_are_not_assigned (test_unit_diag.UnitShapeTests) ... ok
test_missing_member_and_entry_convention (test_unit_diag.UnitShapeTests) ... ok
test_overlapping_claims_are_reported (test_unit_diag.UnitShapeTests) ... ok
test_pc_relative_literal_binds_through_proven_tail_and_candidate_bundle (test_unit_diag.UnitShapeTests) ... ok
test_same_size_target_and_canonical_tail_corruption_rejects_whole_unit (test_unit_verifier.ActualUnitTailTests) ... ok
skipped 'local unit compilation cache absent'
test_completion_is_not_success (test_worker.WorkerCollectionTests) ... ok
test_malformed_status_rejected (test_worker.WorkerCollectionTests) ... ok
test_missing_status_rejected (test_worker.WorkerCollectionTests) ... ok

======================================================================
ERROR: test_function_slice_is_bounded_and_keeps_program_widths (test_type_evidence.DeclarationConflictTests)
----------------------------------------------------------------------
Traceback (most recent call last):
  File "D:\Prog\tales_recon\tests\test_type_evidence.py", line 128, in test_function_slice_is_bounded_and_keeps_program_widths
    evidence = te.function_evidence('ov09_F_298E', ROOT)
  File "D:\Prog\tales_recon\tools\type_evidence.py", line 322, in function_evidence
    raise FormatError(stale[0])
common.FormatError: stale type evidence: declaration source inventory changed; run tools/type_evidence.py --write

======================================================================
ERROR: test_worker_reads_serve_stale_evidence_only_with_an_explicit_flag (test_type_evidence.DeclarationConflictTests)
----------------------------------------------------------------------
Traceback (most recent call last):
  File "D:\Prog\tales_recon\tests\test_type_evidence.py", line 115, in test_worker_reads_serve_stale_evidence_only_with_an_explicit_flag
    fresh = te.function_evidence('ov09_F_298E', ROOT)
  File "D:\Prog\tales_recon\tools\type_evidence.py", line 322, in function_evidence
    raise FormatError(stale[0])
common.FormatError: stale type evidence: declaration source inventory changed; run tools/type_evidence.py --write

----------------------------------------------------------------------
Ran 455 tests in 169.499s

FAILED (errors=2, skipped=9)
